// Jest Snapshot v1, https://goo.gl/fbAQLP

exports[`App component renders App 1`] = `
<Fragment>
  <Header />
  <main>
    <p>
      Content here
    </p>
    <p>
      Content here
    </p>
    <p>
      Content here
    </p>
    <p>
      Content here
    </p>
    <p>
      Content here
    </p>
    <p>
      Content here
    </p>
    <p>
      Content here
    </p>
    <p>
      Content here
    </p>
    <p>
      Content here
    </p>
    <p>
      Content here
    </p>
    <p>
      Content here
    </p>
    <p>
      Content here
    </p>
    <p>
      Content here
    </p>
    <p>
      Content here
    </p>
    <p>
      Content here
    </p>
    <p>
      Content here
    </p>
    <p>
      Content here
    </p>
    <p>
      Content here
    </p>
    <p>
      Content here
    </p>
    <p>
      Content here
    </p>
    <p>
      Content here
    </p>
  </main>
  <Footer />
</Fragment>
`;
